// Jest Snapshot v1, https://goo.gl/fbAQLP

exports[`TodoItemExport should render 1`] = `
<Fragment>
  <ExportItemList
    exportItems={Array []}
  />
</Fragment>
`;
